// Jest Snapshot v1, https://goo.gl/fbAQLP

exports[`Testing Company Detail Financial Component should mount the component 1`] = `
<div>
  <Connect(CompanyDetailSecondaryNavbar)
    selected="financial"
  />
  <div
    className="financialYearsDropdown"
  >
    <select
      className="financialsYearsOption"
      id="financialsYearsOptionID"
      name="yearInput"
      onChange={[Function]}
      type="text"
      value="All"
    >
      <option
        name="choice"
      >
        All
      </option>
      <option
        key="year0"
        value={2019}
      >
        2019
      </option>
      <option
        key="year1"
        value={2018}
      >
        2018
      </option>
      <option
        key="year2"
        value={2017}
      >
        2017
      </option>
      <option
        key="year3"
        value={2016}
      >
        2016
      </option>
      <option
        key="year4"
        value={2015}
      >
        2015
      </option>
      <option
        key="year5"
        value={2014}
      >
        2014
      </option>
      <option
        key="year6"
        value={2013}
      >
        2013
      </option>
      <option
        key="year7"
        value={2012}
      >
        2012
      </option>
      <option
        key="year8"
        value={2011}
      >
        2011
      </option>
      <option
        key="year9"
        value={2010}
      >
        2010
      </option>
      <option
        key="year10"
        value={2009}
      >
        2009
      </option>
      <option
        key="year11"
        value={2008}
      >
        2008
      </option>
      <option
        key="year12"
        value={2007}
      >
        2007
      </option>
      <option
        key="year13"
        value={2006}
      >
        2006
      </option>
      <option
        key="year14"
        value={2005}
      >
        2005
      </option>
      <option
        key="year15"
        value={2004}
      >
        2004
      </option>
      <option
        key="year16"
        value={2003}
      >
        2003
      </option>
      <option
        key="year17"
        value={2002}
      >
        2002
      </option>
      <option
        key="year18"
        value={2001}
      >
        2001
      </option>
      <option
        key="year19"
        value={2000}
      >
        2000
      </option>
    </select>
  </div>
  <div
    className="financialsMainGrid"
  >
    <sidebar
      className="financialsSidebar"
    >
      <div
        className="financialsSidebarOptions"
        id="financialsSidebarMain"
      >
        <a
          className="financialsSidebarItem"
          href="#table1"
          id="item1"
          onClick={[Function]}
        >
          <img
            alt="Balance Sheet"
            height="80px"
            src="bl.png"
            style={
              Object {
                "margin": "20px 10px 10px 10px",
              }
            }
            width="80px"
          />
          <p
            className="financialsSidebarOptionsP"
          >
            Balance Sheet
          </p>
        </a>
        <a
          className={null}
          href="#table2"
          id="item2"
          onClick={[Function]}
        >
          <img
            alt="Cash Flow"
            height="80px"
            src="cf.png"
            style={
              Object {
                "margin": "20px 10px 10px 10px",
              }
            }
            width="80px"
          />
          <p
            className="financialsSidebarOptionsP"
          >
            Cash Flow
          </p>
        </a>
        <a
          className={null}
          href="#table3"
          id="item3"
          onClick={[Function]}
        >
          <img
            alt="Profit & Loss"
            height="80px"
            src="pl.png"
            style={
              Object {
                "margin": "20px 10px 10px 10px",
              }
            }
            width="80px"
          />
          <p
            className="financialsSidebarOptionsP"
          >
            Profit & Loss
          </p>
        </a>
        <a
          className={null}
          href="#table4"
          id="item4"
          onClick={[Function]}
        >
          <img
            alt="Ratios"
            height="80px"
            src="ratios.png"
            style={
              Object {
                "margin": "20px 10px 10px 10px",
              }
            }
            width="80px"
          />
          <p
            className="financialsSidebarOptionsP"
          >
            Ratios
          </p>
        </a>
      </div>
    </sidebar>
    <div
      className="financialsAllTablesDiv"
    >
      <h1
        className="financialsTitle"
        id="table1"
      >
        Balance Sheet
      </h1>
      <Reports
        headers={
          Array [
            "date",
            "Current Assets",
            "Intangible Assets",
            "Cash & Cash Equivalents",
            "Goodwill",
            "Total Assets",
            "Accounts Payable",
            "Receivables",
            "Current Liabilities",
            "Total Liabilities",
            "Preferred Equity",
            "Total Noncurrent Liabilities",
            "Equity Before Minorities",
          ]
        }
        reportdata={Array []}
        yearValue="All"
      />
      <h1
        className="financialsTitle"
        id="table2"
      >
        Cash Flow
      </h1>
      <Reports
        headers={
          Array [
            "date",
            "Depreciation & Amortisation",
            "PP&E & Intangibles",
            "Net Change in PP&E & Intangibles",
            "Net Change in Cash",
            "Cash From Operating Activities",
            "Cash From Investing Activities",
            "Cash From Financing Activities",
            "Change in Working Capital",
          ]
        }
        reportdata={Array []}
        yearValue="All"
      />
      <h1
        className="financialsTitle"
        id="table3"
      >
        Profit And Loss
      </h1>
      <Reports
        headers={
          Array [
            "date",
            "Revenues",
            "EBIT",
            "Net Profit",
            "R&D",
            "Income Taxes",
          ]
        }
        reportdata={Array []}
        yearValue="All"
      />
      <h1
        className="financialsTitle"
        id="table4"
      >
        Ratios
      </h1>
      <Reports
        headers={
          Array [
            "date",
            "Liabilities to Equity Ratio",
            "Debt to Assets Ratio",
            "Current Ratio",
            "EV / EBITDA",
            "EV / Sales",
            "Operating Income / EV",
          ]
        }
        reportdata={Array []}
        yearValue="All"
      />
    </div>
  </div>
</div>
`;
