// Jest Snapshot v1, https://goo.gl/fbAQLP

exports[`test for the text, input, css properties and icons on the navbar and snapshot testing renders the component for snapshot testing 1`] = `
<div
  id="kafkamainContainer"
/>
`;
