// Jest Snapshot v1, https://goo.gl/fbAQLP

exports[`Testing Navbar Component should mount the component 1`] = `
<div
  id="updateCompanyMainDiv"
>
  <a
    className="admin_close"
    href="#"
  >
    Ã—
  </a>
  <p
    id="updateCompanyMainDivText1"
  >
    Select a File
  </p>
  <div
    id="updateCompany_tooltip_div"
  >
    <i
      class="fa fa-info-circle"
    />
    <span
      id="updateCompany_tooltip_text"
    >
      <ul
        className="updateCompany_tooltip_text_list"
      >
        <li>
          File must be a 
          <b>
            csv
          </b>
           file.
        </li>
        <li>
          <b>
            Indicator Names
          </b>
           must be the same as used in the Application.
        </li>
        <li>
          Indicator Names on 
          <b>
            left
          </b>
           and their Data on
           
          <b>
            right
          </b>
        </li>
        <li>
          Date for the data must be in ISO format
          <b>
            ("yyyy-MM-dd'T'HH:mm:ss.SSS'Z'")
          </b>
          .
        </li>
        <li>
          It should follow the below pattern.
        </li>
      </ul>
      <img
        alt="Sample Table"
        className="updateCompany_table_image"
        src="SampleData.png"
      />
    </span>
  </div>
  <input
    className="updateCompany_admin_input"
    name="file"
    onChange={[Function]}
    style={
      Object {
        "padding": "12px 35px 0px 35px",
      }
    }
    type="file"
  />
  <button
    className="btn btn-success btn-block updateCompany_admin_button"
    onClick={[Function]}
    type="button"
  >
    <i
      className="fa fa-upload"
      style={
        Object {
          "marginRight": "5px",
        }
      }
    />
    Upload
  </button>
</div>
`;
